[eazzy.me/html/bella-shoes-rtl/index.html]
[backblue.gif]
[fade.gif]
[index.html]
[eazzy.me/html/bella-shoes-rtl/assets/ico/apple-touch-icon-144-precomposed.png]
[eazzy.me/html/bella-shoes-rtl/assets/ico/favicon.ico]
[eazzy.me/html/bella-shoes-rtl/assets/plugins/bootstrap/css/bootstrap.min.css]
[eazzy.me/html/bella-shoes-rtl/assets/plugins/bootstrap/css/bootstrap-rtl.min.css]
[eazzy.me/html/bella-shoes-rtl/assets/plugins/bootstrap-select/css/bootstrap-select.min.css]
[eazzy.me/html/bella-shoes-rtl/assets/plugins/fontawesome/css/font-awesome.min.css]
[eazzy.me/html/bella-shoes-rtl/assets/plugins/prettyphoto/css/prettyPhoto.css]
[eazzy.me/html/bella-shoes-rtl/assets/plugins/owl-carousel2/assets/owl.carousel.min.css]
[eazzy.me/html/bella-shoes-rtl/assets/plugins/owl-carousel2/assets/owl.theme.default.min.css]
[eazzy.me/html/bella-shoes-rtl/assets/plugins/animate/animate.min.css]
[eazzy.me/html/bella-shoes-rtl/assets/css/theme.css]
[eazzy.me/html/bella-shoes-rtl/assets/css/theme-blue-1.css]
[eazzy.me/html/bella-shoes-rtl/assets/plugins/modernizr.custom.js]
[eazzy.me/html/bella-shoes-rtl/assets/img/preview/shop/order-1s.jpg]
[eazzy.me/html/bella-shoes-rtl/shopping-cart.html]
[eazzy.me/html/bella-shoes-rtl/login.html]
[eazzy.me/html/bella-shoes-rtl/assets/img/icon-1.png]
[eazzy.me/html/bella-shoes-rtl/assets/img/icon-2.png]
[eazzy.me/html/bella-shoes-rtl/about.html]
[eazzy.me/html/bella-shoes-rtl/blog.html]
[eazzy.me/html/bella-shoes-rtl/accountinformation.html]
[eazzy.me/html/bella-shoes-rtl/contact.html]
[eazzy.me/html/bella-shoes-rtl/faq.html]
[eazzy.me/html/bella-shoes-rtl/wishlist.html]
[eazzy.me/html/bella-shoes-rtl/assets/img/flag.gif]
[eazzy.me/html/bella-shoes-rtl/assets/img/logo-bella-shop.png]
[eazzy.me/html/bella-shoes-rtl/compare-products.html]
[eazzy.me/html/bella-shoes-rtl/index-2.html]
[eazzy.me/html/bella-shoes-rtl/index-3.html]
[eazzy.me/html/bella-shoes-rtl/index-4.html]
[eazzy.me/html/bella-shoes-rtl/index-5.html]
[eazzy.me/html/bella-shoes-rtl/index-6.html]
[eazzy.me/html/bella-shoes-rtl/index-7.html]
[eazzy.me/html/bella-shoes-rtl/index-8.html]
[eazzy.me/html/bella-shoes-rtl/index-9.html]
[eazzy.me/html/bella-shoes-rtl/category.html]
[eazzy.me/html/bella-shoes-rtl/category-right.html]
[eazzy.me/html/bella-shoes-rtl/category-list.html]
[eazzy.me/html/bella-shoes-rtl/product-details.html]
[eazzy.me/html/bella-shoes-rtl/blog-right.html]
[eazzy.me/html/bella-shoes-rtl/blog-post.html]
[eazzy.me/html/bella-shoes-rtl/portfolio.html]
[eazzy.me/html/bella-shoes-rtl/portfolio-4col.html]
[eazzy.me/html/bella-shoes-rtl/portfolio-alt.html]
[eazzy.me/html/bella-shoes-rtl/portfolio-single.html]
[eazzy.me/html/bella-shoes-rtl/shortcodes.html]
[eazzy.me/html/bella-shoes-rtl/typography.html]
[eazzy.me/html/bella-shoes-rtl/coming-soon.html]
[eazzy.me/html/bella-shoes-rtl/error-page.html]
[eazzy.me/html/bella-shoes-rtl/myaccount.html]
[eazzy.me/html/bella-shoes-rtl/cng-pw.html]
[eazzy.me/html/bella-shoes-rtl/address-book.html]
[eazzy.me/html/bella-shoes-rtl/order-history.html]
[eazzy.me/html/bella-shoes-rtl/review-rating.html]
[eazzy.me/html/bella-shoes-rtl/return.html]
[eazzy.me/html/bella-shoes-rtl/newsletter.html]
[eazzy.me/html/bella-shoes-rtl/myaccount-leftsidebar.html]
[eazzy.me/html/bella-shoes-rtl/index-style-1.html]
[eazzy.me/html/bella-shoes-rtl/index-style-2.html]
[eazzy.me/html/bella-shoes-rtl/index-style-3.html]
[eazzy.me/html/bella-shoes-rtl/index-style-4.html]
[eazzy.me/html/bella-shoes-rtl/index-style-5.html]
[eazzy.me/html/bella-shoes-rtl/assets/img/preview/shop/top-sellers-2.jpg]
[eazzy.me/html/bella-shoes-rtl/assets/img/preview/shop/top-sellers-3.jpg]
[eazzy.me/html/bella-shoes-rtl/assets/img/preview/slider/slide-1.jpg]
[eazzy.me/html/bella-shoes-rtl/assets/img/preview/slider/slide-2.jpg]
[eazzy.me/html/bella-shoes-rtl/assets/img/preview/slider/slide-3.jpg]
[eazzy.me/html/bella-shoes-rtl/assets/img/preview/shop/banner-1.jpg]
[eazzy.me/html/bella-shoes-rtl/assets/img/preview/shop/banner-2.jpg]
[eazzy.me/html/bella-shoes-rtl/assets/img/preview/shop/product-1-big.jpg]
[eazzy.me/html/bella-shoes-rtl/assets/img/preview/shop/product-3.jpg]
[eazzy.me/html/bella-shoes-rtl/assets/img/preview/shop/product-4.jpg]
[eazzy.me/html/bella-shoes-rtl/assets/img/preview/shop/product-1.jpg]
[eazzy.me/html/bella-shoes-rtl/assets/img/preview/shop/product-2.jpg]
[eazzy.me/html/bella-shoes-rtl/assets/img/preview/shop/top-rated-1.jpg]
[eazzy.me/html/bella-shoes-rtl/assets/img/preview/shop/top-rated-2.jpg]
[eazzy.me/html/bella-shoes-rtl/assets/img/preview/shop/top-rated-3.jpg]
[eazzy.me/html/bella-shoes-rtl/assets/img/preview/shop/top-rated-4.jpg]
[eazzy.me/html/bella-shoes-rtl/assets/img/preview/shop/top-rated-5.jpg]
[eazzy.me/html/bella-shoes-rtl/assets/img/preview/shop/top-rated-6.jpg]
[eazzy.me/html/bella-shoes-rtl/assets/img/preview/blog/recent-post-1.jpg]
[eazzy.me/html/bella-shoes-rtl/assets/img/preview/blog/recent-post-2.jpg]
[eazzy.me/html/bella-shoes-rtl/assets/img/preview/blog/recent-post-3.jpg]
[eazzy.me/html/bella-shoes-rtl/assets/img/preview/blog/recent-post-4.jpg]
[eazzy.me/html/bella-shoes-rtl/assets/img/preview/partners/brand-logo-1.jpg]
[eazzy.me/html/bella-shoes-rtl/assets/img/preview/partners/brand-logo-2.jpg]
[eazzy.me/html/bella-shoes-rtl/assets/img/preview/partners/brand-logo-3.jpg]
[eazzy.me/html/bella-shoes-rtl/assets/img/preview/partners/brand-logo-4.jpg]
[eazzy.me/html/bella-shoes-rtl/assets/img/preview/partners/brand-logo-5.jpg]
[eazzy.me/html/bella-shoes-rtl/assets/img/preview/shop/top-sellers-1.jpg]
[eazzy.me/html/bella-shoes-rtl/assets/img/preview/shop/top-sellers-4.jpg]
[eazzy.me/html/bella-shoes-rtl/assets/img/preview/shop/top-sellers-5.jpg]
[eazzy.me/html/bella-shoes-rtl/assets/img/preview/shop/top-sellers-6.jpg]
[eazzy.me/html/bella-shoes-rtl/assets/img/preview/shop/top-sellers-7.jpg]
[eazzy.me/html/bella-shoes-rtl/assets/img/preview/shop/top-sellers-8.jpg]
[eazzy.me/html/bella-shoes-rtl/assets/img/preview/shop/top-sellers-9.jpg]
[eazzy.me/html/bella-shoes-rtl/assets/img/preview/payments/visa.jpg]
[eazzy.me/html/bella-shoes-rtl/assets/img/preview/payments/mastercard.jpg]
[eazzy.me/html/bella-shoes-rtl/assets/img/preview/payments/paypal.jpg]
[eazzy.me/html/bella-shoes-rtl/assets/img/preview/payments/american-express.jpg]
[eazzy.me/html/bella-shoes-rtl/assets/img/preview/payments/visa-electron.jpg]
[eazzy.me/html/bella-shoes-rtl/assets/img/preview/payments/maestro.jpg]
[eazzy.me/html/bella-shoes-rtl/assets/plugins/bootstrap/js/bootstrap.min.js]
[eazzy.me/html/bella-shoes-rtl/assets/plugins/bootstrap-select/js/bootstrap-select.min.js]
[eazzy.me/html/bella-shoes-rtl/assets/plugins/superfish/js/superfish.min.js]
[eazzy.me/html/bella-shoes-rtl/assets/plugins/prettyphoto/js/jquery.prettyPhoto.js]
[eazzy.me/html/bella-shoes-rtl/assets/plugins/jquery/jquery-1.11.1.min.js]
[eazzy.me/html/bella-shoes-rtl/assets/plugins/jquery.sticky.min.js]
[eazzy.me/html/bella-shoes-rtl/assets/plugins/owl-carousel2/owl.carousel.min.js]
[eazzy.me/html/bella-shoes-rtl/assets/plugins/jquery.easing.min.js]
[eazzy.me/html/bella-shoes-rtl/assets/plugins/jquery.smoothscroll.min.js]
[eazzy.me/html/bella-shoes-rtl/assets/plugins/smooth-scrollbar.min.js]
[eazzy.me/html/bella-shoes-rtl/assets/js/theme.js]
[eazzy.me/html/bella-shoes-rtl/assets/plugins/jquery.cookie.js]
[eazzy.me/html/bella-shoes-rtl/assets/js/theme-config.js]
[eazzy.me/html/bella-shoes-rtl/index.html]
[eazzy.me/html/bella-shoes-rtl/assets/plugins/bootstrap/fonts/glyphicons-halflings-regular.eot]
[eazzy.me/html/bella-shoes-rtl/assets/plugins/bootstrap/fonts/glyphicons-halflings-regulard41d.eot]
[eazzy.me/html/bella-shoes-rtl/assets/plugins/bootstrap/fonts/glyphicons-halflings-regular.woff]
[eazzy.me/html/bella-shoes-rtl/assets/plugins/bootstrap/fonts/glyphicons-halflings-regular.ttf]
[eazzy.me/html/bella-shoes-rtl/assets/plugins/bootstrap/css/bootstrap.min.css]
[eazzy.me/html/bella-shoes-rtl/assets/plugins/bootstrap/css/bootstrap-rtl.min.css]
[eazzy.me/html/bella-shoes-rtl/assets/plugins/bootstrap-select/css/bootstrap-select.min.css]
[eazzy.me/html/bella-shoes-rtl/assets/plugins/fontawesome/fonts/fontawesome-webfont78ce.eot]
[eazzy.me/html/bella-shoes-rtl/assets/plugins/fontawesome/fonts/fontawesome-webfontd41d.eot]
[eazzy.me/html/bella-shoes-rtl/assets/plugins/fontawesome/fonts/fontawesome-webfont78ce.woff]
[eazzy.me/html/bella-shoes-rtl/assets/plugins/fontawesome/fonts/fontawesome-webfont78ce.ttf]
[eazzy.me/html/bella-shoes-rtl/assets/plugins/fontawesome/css/font-awesome.min.css]
[eazzy.me/html/bella-shoes-rtl/assets/plugins/prettyphoto/images/prettyPhoto/default/sprite.png]
[eazzy.me/html/bella-shoes-rtl/assets/plugins/prettyphoto/images/prettyPhoto/default/sprite_x.png]
[eazzy.me/html/bella-shoes-rtl/assets/plugins/prettyphoto/images/prettyPhoto/default/sprite_y.png]
[eazzy.me/html/bella-shoes-rtl/assets/plugins/prettyphoto/images/prettyPhoto/default/sprite_next.png]
[eazzy.me/html/bella-shoes-rtl/assets/plugins/prettyphoto/images/prettyPhoto/default/sprite_prev.png]
[eazzy.me/html/bella-shoes-rtl/assets/plugins/prettyphoto/images/prettyPhoto/default/default_thumb.png]
[eazzy.me/html/bella-shoes-rtl/assets/plugins/prettyphoto/images/prettyPhoto/default/loader.gif]
[eazzy.me/html/bella-shoes-rtl/assets/plugins/prettyphoto/images/prettyPhoto/light_rounded/sprite.png]
[eazzy.me/html/bella-shoes-rtl/assets/plugins/prettyphoto/images/prettyPhoto/light_rounded/btnNext.png]
[eazzy.me/html/bella-shoes-rtl/assets/plugins/prettyphoto/images/prettyPhoto/light_rounded/btnPrevious.png]
[eazzy.me/html/bella-shoes-rtl/assets/plugins/prettyphoto/images/prettyPhoto/dark_rounded/sprite.png]
[eazzy.me/html/bella-shoes-rtl/assets/plugins/prettyphoto/images/prettyPhoto/dark_rounded/contentPattern.png]
[eazzy.me/html/bella-shoes-rtl/assets/plugins/prettyphoto/images/prettyPhoto/dark_rounded/btnNext.png]
[eazzy.me/html/bella-shoes-rtl/assets/plugins/prettyphoto/images/prettyPhoto/dark_rounded/btnPrevious.png]
[eazzy.me/html/bella-shoes-rtl/assets/plugins/prettyphoto/images/prettyPhoto/dark_rounded/loader.gif]
[eazzy.me/html/bella-shoes-rtl/assets/plugins/prettyphoto/images/prettyPhoto/dark_square/loader.gif]
[eazzy.me/html/bella-shoes-rtl/assets/plugins/prettyphoto/images/prettyPhoto/dark_square/sprite.png]
[eazzy.me/html/bella-shoes-rtl/assets/plugins/prettyphoto/images/prettyPhoto/dark_square/btnNext.png]
[eazzy.me/html/bella-shoes-rtl/assets/plugins/prettyphoto/images/prettyPhoto/dark_square/btnPrevious.png]
[eazzy.me/html/bella-shoes-rtl/assets/plugins/prettyphoto/images/prettyPhoto/light_square/sprite.png]
[eazzy.me/html/bella-shoes-rtl/assets/plugins/prettyphoto/images/prettyPhoto/light_square/btnNext.png]
[eazzy.me/html/bella-shoes-rtl/assets/plugins/prettyphoto/images/prettyPhoto/light_square/btnPrevious.png]
[eazzy.me/html/bella-shoes-rtl/assets/plugins/prettyphoto/images/prettyPhoto/facebook/sprite.png]
[eazzy.me/html/bella-shoes-rtl/assets/plugins/prettyphoto/images/prettyPhoto/facebook/contentPatternTop.png]
[eazzy.me/html/bella-shoes-rtl/assets/plugins/prettyphoto/images/prettyPhoto/facebook/contentPatternLeft.png]
[eazzy.me/html/bella-shoes-rtl/assets/plugins/prettyphoto/images/prettyPhoto/facebook/contentPatternRight.png]
[eazzy.me/html/bella-shoes-rtl/assets/plugins/prettyphoto/images/prettyPhoto/facebook/loader.gif]
[eazzy.me/html/bella-shoes-rtl/assets/plugins/prettyphoto/images/prettyPhoto/facebook/btnNext.png]
[eazzy.me/html/bella-shoes-rtl/assets/plugins/prettyphoto/images/prettyPhoto/facebook/btnPrevious.png]
[eazzy.me/html/bella-shoes-rtl/assets/plugins/prettyphoto/images/prettyPhoto/facebook/contentPatternBottom.png]
[eazzy.me/html/bella-shoes-rtl/assets/plugins/prettyphoto/images/prettyPhoto/facebook/default_thumbnail.gif]
[eazzy.me/html/bella-shoes-rtl/assets/plugins/prettyphoto/images/prettyPhoto/light_rounded/loader.gif]
[eazzy.me/html/bella-shoes-rtl/assets/plugins/prettyphoto/css/prettyPhoto.css]
[eazzy.me/html/bella-shoes-rtl/assets/plugins/owl-carousel2/assets/owl.video.play.png]
[eazzy.me/html/bella-shoes-rtl/assets/plugins/owl-carousel2/assets/owl.carousel.min.css]
[eazzy.me/html/bella-shoes-rtl/assets/plugins/owl-carousel2/assets/owl.theme.default.min.css]
[eazzy.me/html/bella-shoes-rtl/assets/plugins/animate/animate.min.css]
[eazzy.me/html/bella-shoes-rtl/assets/img/preview/page-section-image.jpg]
[eazzy.me/html/bella-shoes-rtl/assets/img/preview/page-section-image-1.jpg]
[eazzy.me/html/bella-shoes-rtl/assets/img/overlay-banner.png]
[eazzy.me/html/bella-shoes-rtl/assets/css/theme.css]
[eazzy.me/html/bella-shoes-rtl/assets/css/theme-blue-1.css]
[eazzy.me/html/bella-shoes-rtl/assets/img/preview/shop/order-1.jpg]
[eazzy.me/html/bella-shoes-rtl/assets/img/preview/payments/mastercard-2.jpg]
[eazzy.me/html/bella-shoes-rtl/assets/img/preview/payments/visa-2.jpg]
[eazzy.me/html/bella-shoes-rtl/assets/img/preview/payments/american-express-2.jpg]
[eazzy.me/html/bella-shoes-rtl/assets/img/preview/payments/discovery-2.jpg]
[eazzy.me/html/bella-shoes-rtl/assets/img/preview/payments/eheck-2.jpg]
[eazzy.me/html/bella-shoes-rtl/assets/img/preview/payments/paypal-2.jpg]
[eazzy.me/html/bella-shoes-rtl/shopping-cart.html]
[eazzy.me/html/bella-shoes-rtl/login.html]
[eazzy.me/html/bella-shoes-rtl/assets/img/preview/team/team-1.jpg]
[eazzy.me/html/bella-shoes-rtl/assets/img/preview/team/team-2.jpg]
[eazzy.me/html/bella-shoes-rtl/assets/img/preview/team/team-3.jpg]
[eazzy.me/html/bella-shoes-rtl/assets/img/preview/team/team-4.jpg]
[eazzy.me/html/bella-shoes-rtl/about.html]
[eazzy.me/html/bella-shoes-rtl/assets/plugins/jquery-ui/jquery-ui.min.css]
[eazzy.me/html/bella-shoes-rtl/assets/plugins/countdown/jquery.countdown.css]
[eazzy.me/html/bella-shoes-rtl/assets/img/preview/blog/recent-post-3w.jpg]
[eazzy.me/html/bella-shoes-rtl/assets/img/preview/blog/recent-post-1w.jpg]
[eazzy.me/html/bella-shoes-rtl/assets/img/preview/blog/recent-post-2w.jpg]
[eazzy.me/html/bella-shoes-rtl/assets/img/preview/flickr/flickr-feed-8.jpg]
[eazzy.me/html/bella-shoes-rtl/assets/img/preview/flickr/flickr-feed-9.jpg]
[eazzy.me/html/bella-shoes-rtl/assets/img/preview/flickr/flickr-feed-10.jpg]
[eazzy.me/html/bella-shoes-rtl/assets/img/preview/flickr/flickr-feed-11.jpg]
[eazzy.me/html/bella-shoes-rtl/assets/img/preview/flickr/flickr-feed-12.jpg]
[eazzy.me/html/bella-shoes-rtl/assets/img/preview/flickr/flickr-feed-13.jpg]
[eazzy.me/html/bella-shoes-rtl/assets/img/preview/flickr/flickr-feed-14.jpg]
[eazzy.me/html/bella-shoes-rtl/assets/img/preview/flickr/flickr-feed-15.jpg]
[eazzy.me/html/bella-shoes-rtl/assets/img/preview/blog/blog-post-1.jpg]
[eazzy.me/html/bella-shoes-rtl/assets/img/preview/blog/blog-post-2.jpg]
[eazzy.me/html/bella-shoes-rtl/assets/img/preview/blog/blog-post-3.jpg]
[eazzy.me/html/bella-shoes-rtl/assets/img/preview/blog/blog-post-4.jpg]
[eazzy.me/html/bella-shoes-rtl/assets/img/preview/blog/audio-post.jpg]
[eazzy.me/html/bella-shoes-rtl/assets/plugins/jquery-ui/jquery-ui.min.js]
[eazzy.me/html/bella-shoes-rtl/assets/plugins/countdown/jquery.plugin.min.js]
[eazzy.me/html/bella-shoes-rtl/blog.html]
[eazzy.me/html/bella-shoes-rtl/assets/css/theme-green-1.css]
[eazzy.me/html/bella-shoes-rtl/accountinformation.html]
[eazzy.me/html/bella-shoes-rtl/assets/plugins/countdown/jquery.countdown.min.js]
[eazzy.me/html/bella-shoes-rtl/contact.html]
[eazzy.me/html/bella-shoes-rtl/faq.html]
[eazzy.me/html/bella-shoes-rtl/wishlist.html]
[eazzy.me/html/bella-shoes-rtl/assets/js/theme-ajax-mail.js]
[eazzy.me/html/bella-shoes-rtl/assets/img/preview/shop/compare-1.jpg]
[eazzy.me/html/bella-shoes-rtl/assets/img/preview/shop/compare-2.jpg]
[eazzy.me/html/bella-shoes-rtl/assets/img/preview/shop/compare-3.jpg]
[eazzy.me/html/bella-shoes-rtl/compare-products.html]
[eazzy.me/html/bella-shoes-rtl/assets/img/preview/shop/banner-3.jpg]
[eazzy.me/html/bella-shoes-rtl/assets/img/preview/shop/banner-4.jpg]
[eazzy.me/html/bella-shoes-rtl/assets/img/preview/shop/banner-5.jpg]
[eazzy.me/html/bella-shoes-rtl/index-2.html]
[eazzy.me/html/bella-shoes-rtl/assets/img/preview/shop/banner-6.jpg]
[eazzy.me/html/bella-shoes-rtl/assets/img/preview/shop/banner-7.jpg]
[eazzy.me/html/bella-shoes-rtl/index-3.html]
[eazzy.me/html/bella-shoes-rtl/assets/img/preview/shop/banner-8.jpg]
[eazzy.me/html/bella-shoes-rtl/assets/img/preview/shop/banner-9.jpg]
[eazzy.me/html/bella-shoes-rtl/assets/img/preview/blog/recent-post-5.jpg]
[eazzy.me/html/bella-shoes-rtl/assets/img/preview/blog/recent-post-6.jpg]
[eazzy.me/html/bella-shoes-rtl/assets/img/preview/blog/recent-post-7.jpg]
[eazzy.me/html/bella-shoes-rtl/index-4.html]
[eazzy.me/html/bella-shoes-rtl/assets/img/preview/shop/category-1.jpg]
[eazzy.me/html/bella-shoes-rtl/assets/img/preview/shop/category-2.jpg]
[eazzy.me/html/bella-shoes-rtl/assets/img/preview/shop/category-3.jpg]
[eazzy.me/html/bella-shoes-rtl/assets/img/preview/shop/category-4.jpg]
[eazzy.me/html/bella-shoes-rtl/index-5.html]
[eazzy.me/html/bella-shoes-rtl/index-6.html]
[eazzy.me/html/bella-shoes-rtl/assets/img/preview/shop/product-x1.jpg]
[eazzy.me/html/bella-shoes-rtl/assets/img/preview/shop/product-x2.jpg]
[eazzy.me/html/bella-shoes-rtl/assets/img/preview/shop/product-x3.jpg]
[eazzy.me/html/bella-shoes-rtl/assets/img/preview/shop/product-x4.jpg]
[eazzy.me/html/bella-shoes-rtl/assets/img/preview/shop/product-x5.jpg]
[eazzy.me/html/bella-shoes-rtl/assets/img/preview/shop/product-x6.jpg]
[eazzy.me/html/bella-shoes-rtl/assets/img/preview/shop/product-x7.jpg]
[eazzy.me/html/bella-shoes-rtl/assets/img/preview/shop/product-x8.jpg]
[eazzy.me/html/bella-shoes-rtl/assets/img/preview/shop/product-x9.jpg]
[eazzy.me/html/bella-shoes-rtl/assets/img/preview/shop/product-x10.jpg]
[eazzy.me/html/bella-shoes-rtl/index-7.html]
[eazzy.me/html/bella-shoes-rtl/assets/img/preview/shop/product-1s.jpg]
[eazzy.me/html/bella-shoes-rtl/assets/img/preview/shop/product-2s.jpg]
[eazzy.me/html/bella-shoes-rtl/assets/img/preview/shop/product-3s.jpg]
[eazzy.me/html/bella-shoes-rtl/assets/img/preview/shop/product-4s.jpg]
[eazzy.me/html/bella-shoes-rtl/index-8.html]
[eazzy.me/html/bella-shoes-rtl/assets/img/preview/slider/slide-3-sub.jpg]
[eazzy.me/html/bella-shoes-rtl/assets/img/preview/slider/slide-3a-sub.jpg]
[eazzy.me/html/bella-shoes-rtl/index-9.html]
[eazzy.me/html/bella-shoes-rtl/assets/img/preview/shop/product-5.jpg]
[eazzy.me/html/bella-shoes-rtl/assets/img/preview/slider/slide-1-sub.jpg]
[eazzy.me/html/bella-shoes-rtl/assets/img/icon-list.png]
[eazzy.me/html/bella-shoes-rtl/assets/img/icon-grid.png]
[eazzy.me/html/bella-shoes-rtl/assets/img/preview/shop/product-1c.jpg]
[eazzy.me/html/bella-shoes-rtl/assets/img/preview/shop/product-2c.jpg]
[eazzy.me/html/bella-shoes-rtl/assets/img/preview/shop/product-3c.jpg]
[eazzy.me/html/bella-shoes-rtl/assets/img/preview/shop/product-4c.jpg]
[eazzy.me/html/bella-shoes-rtl/assets/img/preview/shop/product-5c.jpg]
[eazzy.me/html/bella-shoes-rtl/assets/img/preview/shop/product-6c.jpg]
[eazzy.me/html/bella-shoes-rtl/assets/img/preview/shop/product-7c.jpg]
[eazzy.me/html/bella-shoes-rtl/assets/img/preview/shop/product-8c.jpg]
[eazzy.me/html/bella-shoes-rtl/assets/img/preview/shop/product-9c.jpg]
[eazzy.me/html/bella-shoes-rtl/assets/img/preview/shop/product-10c.jpg]
[eazzy.me/html/bella-shoes-rtl/assets/img/preview/shop/product-11c.jpg]
[eazzy.me/html/bella-shoes-rtl/assets/img/preview/shop/product-12c.jpg]
[eazzy.me/html/bella-shoes-rtl/assets/img/preview/shop/product-13c.jpg]
[eazzy.me/html/bella-shoes-rtl/assets/img/preview/shop/product-14c.jpg]
[eazzy.me/html/bella-shoes-rtl/assets/img/preview/shop/product-15c.jpg]
[eazzy.me/html/bella-shoes-rtl/category.html]
[eazzy.me/html/bella-shoes-rtl/category-right.html]
[eazzy.me/html/bella-shoes-rtl/assets/img/preview/shop/product-1l.jpg]
[eazzy.me/html/bella-shoes-rtl/assets/img/preview/shop/product-2l.jpg]
[eazzy.me/html/bella-shoes-rtl/assets/img/preview/shop/product-3l.jpg]
[eazzy.me/html/bella-shoes-rtl/assets/img/preview/shop/product-4l.jpg]
[eazzy.me/html/bella-shoes-rtl/assets/img/preview/shop/product-5l.jpg]
[eazzy.me/html/bella-shoes-rtl/assets/img/preview/shop/product-6l.jpg]
[eazzy.me/html/bella-shoes-rtl/assets/img/preview/shop/product-7l.jpg]
[eazzy.me/html/bella-shoes-rtl/category-list.html]
[eazzy.me/html/bella-shoes-rtl/assets/img/preview/shop/product-thumb-1.jpg]
[eazzy.me/html/bella-shoes-rtl/assets/img/preview/shop/product-thumb-2.jpg]
[eazzy.me/html/bella-shoes-rtl/assets/img/preview/shop/product-thumb-3.jpg]
[eazzy.me/html/bella-shoes-rtl/assets/img/preview/shop/product-thumb-4.jpg]
[eazzy.me/html/bella-shoes-rtl/assets/img/preview/avatars/avatar-1.jpg]
[eazzy.me/html/bella-shoes-rtl/assets/img/preview/avatars/avatar-3.jpg]
[eazzy.me/html/bella-shoes-rtl/product-details.html]
[eazzy.me/html/bella-shoes-rtl/blog-right.html]
[eazzy.me/html/bella-shoes-rtl/assets/img/preview/blog/avatar-author.jpg]
[eazzy.me/html/bella-shoes-rtl/assets/img/preview/avatars/avatar-2.jpg]
[eazzy.me/html/bella-shoes-rtl/blog-post.html]
[eazzy.me/html/bella-shoes-rtl/assets/img/preview/large-thumbnails/1.jpg]
[eazzy.me/html/bella-shoes-rtl/assets/img/preview/large-thumbnails/2.jpg]
[eazzy.me/html/bella-shoes-rtl/assets/img/preview/large-thumbnails/3.jpg]
[eazzy.me/html/bella-shoes-rtl/assets/img/preview/large-thumbnails/4.jpg]
[eazzy.me/html/bella-shoes-rtl/assets/img/preview/large-thumbnails/5.jpg]
[eazzy.me/html/bella-shoes-rtl/assets/img/preview/large-thumbnails/6.jpg]
[eazzy.me/html/bella-shoes-rtl/assets/img/preview/large-thumbnails/7.jpg]
[eazzy.me/html/bella-shoes-rtl/assets/img/preview/large-thumbnails/8.jpg]
[eazzy.me/html/bella-shoes-rtl/portfolio.html]
[eazzy.me/html/bella-shoes-rtl/portfolio-4col.html]
[eazzy.me/html/bella-shoes-rtl/portfolio-alt.html]
[eazzy.me/html/bella-shoes-rtl/assets/plugins/isotope/jquery.isotope.min.js]
[eazzy.me/html/bella-shoes-rtl/assets/img/preview/slider/slide-2-sub.jpg]
[eazzy.me/html/bella-shoes-rtl/portfolio-single.html]
[eazzy.me/html/bella-shoes-rtl/assets/img/preview/partners/brand-logo.jpg]
[eazzy.me/html/bella-shoes-rtl/shortcodes.html]
[eazzy.me/html/bella-shoes-rtl/typography.html]
[eazzy.me/html/bella-shoes-rtl/coming-soon.html]
[eazzy.me/html/bella-shoes-rtl/error-page.html]
[eazzy.me/html/bella-shoes-rtl/myaccount.html]
[eazzy.me/html/bella-shoes-rtl/cng-pw.html]
[eazzy.me/html/bella-shoes-rtl/address-book.html]
[eazzy.me/html/bella-shoes-rtl/order-history.html]
[eazzy.me/html/bella-shoes-rtl/review-rating.html]
[eazzy.me/html/bella-shoes-rtl/return.html]
[eazzy.me/html/bella-shoes-rtl/newsletter.html]
[eazzy.me/html/bella-shoes-rtl/myaccount-leftsidebar.html]
[eazzy.me/html/bella-shoes-rtl/index-style-1.html]
[eazzy.me/html/bella-shoes-rtl/index-style-2.html]
[eazzy.me/html/bella-shoes-rtl/index-style-3.html]
[eazzy.me/html/bella-shoes-rtl/index-style-4.html]
[eazzy.me/html/bella-shoes-rtl/index-style-5.html]
[eazzy.me/html/bella-shoes-rtl/assets/plugins/bootstrap/fonts/glyphicons-halflings-regular.svg]
[eazzy.me/html/bella-shoes-rtl/assets/plugins/fontawesome/fonts/fontawesome-webfont78ce.svg]
[eazzy.me/html/bella-shoes-rtl/assets/plugins/jquery-ui/images/ui-bg_highlight-soft_100_eeeeee_1x100.png]
[eazzy.me/html/bella-shoes-rtl/assets/plugins/jquery-ui/images/ui-bg_gloss-wave_35_f6a828_500x100.png]
[eazzy.me/html/bella-shoes-rtl/assets/plugins/jquery-ui/images/ui-bg_glass_100_f6f6f6_1x400.png]
[eazzy.me/html/bella-shoes-rtl/assets/plugins/jquery-ui/images/ui-bg_glass_100_fdf5ce_1x400.png]
[eazzy.me/html/bella-shoes-rtl/assets/plugins/jquery-ui/images/ui-bg_glass_65_ffffff_1x400.png]
[eazzy.me/html/bella-shoes-rtl/assets/plugins/jquery-ui/images/ui-bg_highlight-soft_75_ffe45c_1x100.png]
[eazzy.me/html/bella-shoes-rtl/assets/plugins/jquery-ui/images/ui-bg_diagonals-thick_18_b81900_40x40.png]
[eazzy.me/html/bella-shoes-rtl/assets/plugins/jquery-ui/images/ui-icons_222222_256x240.png]
[eazzy.me/html/bella-shoes-rtl/assets/plugins/jquery-ui/images/ui-icons_ffffff_256x240.png]
[eazzy.me/html/bella-shoes-rtl/assets/plugins/jquery-ui/images/ui-icons_ef8c08_256x240.png]
[eazzy.me/html/bella-shoes-rtl/assets/plugins/jquery-ui/images/ui-icons_228ef1_256x240.png]
[eazzy.me/html/bella-shoes-rtl/assets/plugins/jquery-ui/images/ui-icons_ffd27a_256x240.png]
[eazzy.me/html/bella-shoes-rtl/assets/plugins/jquery-ui/images/ui-bg_diagonals-thick_20_666666_40x40.png]
[eazzy.me/html/bella-shoes-rtl/assets/plugins/jquery-ui/images/ui-bg_flat_10_000000_40x100.png]
[eazzy.me/html/bella-shoes-rtl/assets/plugins/jquery-ui/jquery-ui.min.css]
[eazzy.me/html/bella-shoes-rtl/assets/plugins/countdown/jquery.countdown.css]
[eazzy.me/html/bella-shoes-rtl/assets/img/preview/shop/blog-post-3.html]
[eazzy.me/html/bella-shoes-rtl/assets/img/preview/shop/blog-post-4.html]
[eazzy.me/html/bella-shoes-rtl/assets/img/preview/shop/blog-post-1.html]
[eazzy.me/html/bella-shoes-rtl/assets/css/theme-green-1.css]
[eazzy.me/html/bella-shoes-rtl/assets/css/page-css.html]
